Archive member included to satisfy reference by file (symbol)

/home/igor/stm32cubeide/plugins/com.st.stm32cube.ide.mcu.externaltools.gnu-tools-for-stm32.7-2018-q2-update.linux64_1.0.0.201904181610/tools/bin/../lib/gcc/arm-none-eabi/7.3.1/../../../../arm-none-eabi/lib/thumb/v6-m/libc_nano.a(lib_a-errno.o)
                              Core/Src/syscalls.o (__errno)
/home/igor/stm32cubeide/plugins/com.st.stm32cube.ide.mcu.externaltools.gnu-tools-for-stm32.7-2018-q2-update.linux64_1.0.0.201904181610/tools/bin/../lib/gcc/arm-none-eabi/7.3.1/../../../../arm-none-eabi/lib/thumb/v6-m/libc_nano.a(lib_a-exit.o)
                              /home/igor/stm32cubeide/plugins/com.st.stm32cube.ide.mcu.externaltools.gnu-tools-for-stm32.7-2018-q2-update.linux64_1.0.0.201904181610/tools/bin/../lib/gcc/arm-none-eabi/7.3.1/../../../../arm-none-eabi/lib/thumb/v6-m/crt0.o (exit)
/home/igor/stm32cubeide/plugins/com.st.stm32cube.ide.mcu.externaltools.gnu-tools-for-stm32.7-2018-q2-update.linux64_1.0.0.201904181610/tools/bin/../lib/gcc/arm-none-eabi/7.3.1/../../../../arm-none-eabi/lib/thumb/v6-m/libc_nano.a(lib_a-impure.o)
                              /home/igor/stm32cubeide/plugins/com.st.stm32cube.ide.mcu.externaltools.gnu-tools-for-stm32.7-2018-q2-update.linux64_1.0.0.201904181610/tools/bin/../lib/gcc/arm-none-eabi/7.3.1/../../../../arm-none-eabi/lib/thumb/v6-m/libc_nano.a(lib_a-exit.o) (_global_impure_ptr)
/home/igor/stm32cubeide/plugins/com.st.stm32cube.ide.mcu.externaltools.gnu-tools-for-stm32.7-2018-q2-update.linux64_1.0.0.201904181610/tools/bin/../lib/gcc/arm-none-eabi/7.3.1/../../../../arm-none-eabi/lib/thumb/v6-m/libc_nano.a(lib_a-init.o)
                              /home/igor/stm32cubeide/plugins/com.st.stm32cube.ide.mcu.externaltools.gnu-tools-for-stm32.7-2018-q2-update.linux64_1.0.0.201904181610/tools/bin/../lib/gcc/arm-none-eabi/7.3.1/../../../../arm-none-eabi/lib/thumb/v6-m/crt0.o (__libc_init_array)
/home/igor/stm32cubeide/plugins/com.st.stm32cube.ide.mcu.externaltools.gnu-tools-for-stm32.7-2018-q2-update.linux64_1.0.0.201904181610/tools/bin/../lib/gcc/arm-none-eabi/7.3.1/../../../../arm-none-eabi/lib/thumb/v6-m/libc_nano.a(lib_a-memset.o)
                              /home/igor/stm32cubeide/plugins/com.st.stm32cube.ide.mcu.externaltools.gnu-tools-for-stm32.7-2018-q2-update.linux64_1.0.0.201904181610/tools/bin/../lib/gcc/arm-none-eabi/7.3.1/../../../../arm-none-eabi/lib/thumb/v6-m/crt0.o (memset)
/home/igor/stm32cubeide/plugins/com.st.stm32cube.ide.mcu.externaltools.gnu-tools-for-stm32.7-2018-q2-update.linux64_1.0.0.201904181610/tools/bin/../lib/gcc/arm-none-eabi/7.3.1/thumb/v6-m/libgcc.a(_udivsi3.o)
                              Core/Src/VL53L0X.o (__aeabi_uidiv)
/home/igor/stm32cubeide/plugins/com.st.stm32cube.ide.mcu.externaltools.gnu-tools-for-stm32.7-2018-q2-update.linux64_1.0.0.201904181610/tools/bin/../lib/gcc/arm-none-eabi/7.3.1/thumb/v6-m/libgcc.a(_dvmd_tls.o)
                              /home/igor/stm32cubeide/plugins/com.st.stm32cube.ide.mcu.externaltools.gnu-tools-for-stm32.7-2018-q2-update.linux64_1.0.0.201904181610/tools/bin/../lib/gcc/arm-none-eabi/7.3.1/thumb/v6-m/libgcc.a(_udivsi3.o) (__aeabi_idiv0)
/home/igor/stm32cubeide/plugins/com.st.stm32cube.ide.mcu.externaltools.gnu-tools-for-stm32.7-2018-q2-update.linux64_1.0.0.201904181610/tools/bin/../lib/gcc/arm-none-eabi/7.3.1/thumb/v6-m/libgcc.a(_arm_cmpdf2.o)
                              Core/Src/VL53L0X.o (__aeabi_dcmpgt)
/home/igor/stm32cubeide/plugins/com.st.stm32cube.ide.mcu.externaltools.gnu-tools-for-stm32.7-2018-q2-update.linux64_1.0.0.201904181610/tools/bin/../lib/gcc/arm-none-eabi/7.3.1/thumb/v6-m/libgcc.a(_arm_cmpsf2.o)
                              Core/Src/VL53L0X.o (__aeabi_fcmplt)
/home/igor/stm32cubeide/plugins/com.st.stm32cube.ide.mcu.externaltools.gnu-tools-for-stm32.7-2018-q2-update.linux64_1.0.0.201904181610/tools/bin/../lib/gcc/arm-none-eabi/7.3.1/thumb/v6-m/libgcc.a(_fixunssfsi.o)
                              Core/Src/VL53L0X.o (__aeabi_f2uiz)
/home/igor/stm32cubeide/plugins/com.st.stm32cube.ide.mcu.externaltools.gnu-tools-for-stm32.7-2018-q2-update.linux64_1.0.0.201904181610/tools/bin/../lib/gcc/arm-none-eabi/7.3.1/thumb/v6-m/libgcc.a(divsf3.o)
                              Core/Src/VL53L0X.o (__aeabi_fdiv)
/home/igor/stm32cubeide/plugins/com.st.stm32cube.ide.mcu.externaltools.gnu-tools-for-stm32.7-2018-q2-update.linux64_1.0.0.201904181610/tools/bin/../lib/gcc/arm-none-eabi/7.3.1/thumb/v6-m/libgcc.a(eqsf2.o)
                              /home/igor/stm32cubeide/plugins/com.st.stm32cube.ide.mcu.externaltools.gnu-tools-for-stm32.7-2018-q2-update.linux64_1.0.0.201904181610/tools/bin/../lib/gcc/arm-none-eabi/7.3.1/thumb/v6-m/libgcc.a(_arm_cmpsf2.o) (__eqsf2)
/home/igor/stm32cubeide/plugins/com.st.stm32cube.ide.mcu.externaltools.gnu-tools-for-stm32.7-2018-q2-update.linux64_1.0.0.201904181610/tools/bin/../lib/gcc/arm-none-eabi/7.3.1/thumb/v6-m/libgcc.a(gesf2.o)
[...]
Memory Configuration

Name             Origin             Length             Attributes
RAM              0x0000000020000000 0x0000000000001800 xrw
FLASH            0x0000000008000000 0x0000000000008000 xr
*default*        0x0000000000000000 0xffffffffffffffff

Linker script and memory map

LOAD /home/igor/stm32cubeide/plugins/com.st.stm32cube.ide.mcu.externaltools.gnu-tools-for-stm32.7-2018-q2-update.linux64_1.0.0.201904181610/tools/bin/../lib/gcc/arm-none-eabi/7.3.1/thumb/v6-m/crti.o
LOAD /home/igor/stm32cubeide/plugins/com.st.stm32cube.ide.mcu.externaltools.gnu-tools-for-stm32.7-2018-q2-update.linux64_1.0.0.201904181610/tools/bin/../lib/gcc/arm-none-eabi/7.3.1/thumb/v6-m/crtbegin.o
LOAD /home/igor/stm32cubeide/plugins/com.st.stm32cube.ide.mcu.externaltools.gnu-tools-for-stm32.7-2018-q2-update.linux64_1.0.0.201904181610/tools/bin/../lib/gcc/arm-none-eabi/7.3.1/../../../../arm-none-eabi/lib/thumb/v6-m/crt0.o
LOAD Core/Src/VL53L0X.o
LOAD Core/Src/main.o
LOAD Core/Src/stm32f0xx_hal_msp.o
LOAD Core/Src/stm32f0xx_it.o
LOAD Core/Src/syscalls.o
LOAD Core/Src/sysmem.o
LOAD Core/Src/system_stm32f0xx.o
LOAD Core/Src/vl53l0x_usr.o
LOAD Core/Startup/startup_stm32f042f6px.o
LOAD Drivers/STM32F0xx_HAL_Driver/Src/stm32f0xx_hal.o
LOAD Drivers/STM32F0xx_HAL_Driver/Src/stm32f0xx_hal_can.o
LOAD Drivers/STM32F0xx_HAL_Driver/Src/stm32f0xx_hal_cortex.o
LOAD Drivers/STM32F0xx_HAL_Driver/Src/stm32f0xx_hal_dma.o
LOAD Drivers/STM32F0xx_HAL_Driver/Src/stm32f0xx_hal_exti.o
LOAD Drivers/STM32F0xx_HAL_Driver/Src/stm32f0xx_hal_flash.o
LOAD Drivers/STM32F0xx_HAL_Driver/Src/stm32f0xx_hal_flash_ex.o
LOAD Drivers/STM32F0xx_HAL_Driver/Src/stm32f0xx_hal_gpio.o
LOAD Drivers/STM32F0xx_HAL_Driver/Src/stm32f0xx_hal_i2c.o
LOAD Drivers/STM32F0xx_HAL_Driver/Src/stm32f0xx_hal_i2c_ex.o
LOAD Drivers/STM32F0xx_HAL_Driver/Src/stm32f0xx_hal_pwr.o
LOAD Drivers/STM32F0xx_HAL_Driver/Src/stm32f0xx_hal_pwr_ex.o
LOAD Drivers/STM32F0xx_HAL_Driver/Src/stm32f0xx_hal_rcc.o
LOAD Drivers/STM32F0xx_HAL_Driver/Src/stm32f0xx_hal_rcc_ex.o
LOAD Drivers/STM32F0xx_HAL_Driver/Src/stm32f0xx_hal_tim.o
LOAD Drivers/STM32F0xx_HAL_Driver/Src/stm32f0xx_hal_tim_ex.o
START GROUP
LOAD /home/igor/stm32cubeide/plugins/com.st.stm32cube.ide.mcu.externaltools.gnu-tools-for-stm32.7-2018-q2-update.linux64_1.0.0.201904181610/tools/bin/../lib/gcc/arm-none-eabi/7.3.1/../../../../arm-none-eabi/lib/thumb/v6-m/libc_nano.a
LOAD /home/igor/stm32cubeide/plugins/com.st.stm32cube.ide.mcu.externaltools.gnu-tools-for-stm32.7-2018-q2-update.linux64_1.0.0.201904181610/tools/bin/../lib/gcc/arm-none-eabi/7.3.1/../../../../arm-none-eabi/lib/thumb/v6-m/libm.a
END GROUP
START GROUP
LOAD /home/igor/stm32cubeide/plugins/com.st.stm32cube.ide.mcu.externaltools.gnu-tools-for-stm32.7-2018-q2-update.linux64_1.0.0.201904181610/tools/bin/../lib/gcc/arm-none-eabi/7.3.1/thumb/v6-m/libgcc.a
LOAD /home/igor/stm32cubeide/plugins/com.st.stm32cube.ide.mcu.externaltools.gnu-tools-for-stm32.7-2018-q2-update.linux64_1.0.0.201904181610/tools/bin/../lib/gcc/arm-none-eabi/7.3.1/../../../../arm-none-eabi/lib/thumb/v6-m/libc_nano.a
END GROUP
START GROUP
LOAD /home/igor/stm32cubeide/plugins/com.st.stm32cube.ide.mcu.externaltools.gnu-tools-for-stm32.7-2018-q2-update.linux64_1.0.0.201904181610/tools/bin/../lib/gcc/arm-none-eabi/7.3.1/thumb/v6-m/libgcc.a
LOAD /home/igor/stm32cubeide/plugins/com.st.stm32cube.ide.mcu.externaltools.gnu-tools-for-stm32.7-2018-q2-update.linux64_1.0.0.201904181610/tools/bin/../lib/gcc/arm-none-eabi/7.3.1/../../../../arm-none-eabi/lib/thumb/v6-m/libc_nano.a
LOAD /home/igor/stm32cubeide/plugins/com.st.stm32cube.ide.mcu.externaltools.gnu-tools-for-stm32.7-2018-q2-update.linux64_1.0.0.201904181610/tools/bin/../lib/gcc/arm-none-eabi/7.3.1/../../../../arm-none-eabi/lib/thumb/v6-m/libnosys.a
END GROUP
START GROUP
LOAD /home/igor/stm32cubeide/plugins/com.st.stm32cube.ide.mcu.externaltools.gnu-tools-for-stm32.7-2018-q2-update.linux64_1.0.0.201904181610/tools/bin/../lib/gcc/arm-none-eabi/7.3.1/thumb/v6-m/libgcc.a
LOAD /home/igor/stm32cubeide/plugins/com.st.stm32cube.ide.mcu.externaltools.gnu-tools-for-stm32.7-2018-q2-update.linux64_1.0.0.201904181610/tools/bin/../lib/gcc/arm-none-eabi/7.3.1/../../../../arm-none-eabi/lib/thumb/v6-m/libc_nano.a
LOAD /home/igor/stm32cubeide/plugins/com.st.stm32cube.ide.mcu.externaltools.gnu-tools-for-stm32.7-2018-q2-update.linux64_1.0.0.201904181610/tools/bin/../lib/gcc/arm-none-eabi/7.3.1/../../../../arm-none-eabi/lib/thumb/v6-m/libnosys.a
END GROUP
LOAD /home/igor/stm32cubeide/plugins/com.st.stm32cube.ide.mcu.externaltools.gnu-tools-for-stm32.7-2018-q2-update.linux64_1.0.0.201904181610/tools/bin/../lib/gcc/arm-none-eabi/7.3.1/thumb/v6-m/crtend.o
LOAD /home/igor/stm32cubeide/plugins/com.st.stm32cube.ide.mcu.externaltools.gnu-tools-for-stm32.7-2018-q2-update.linux64_1.0.0.201904181610/tools/bin/../lib/gcc/arm-none-eabi/7.3.1/thumb/v6-m/crtn.o
                0x0000000020001800                _estack = (ORIGIN (RAM) + LENGTH (RAM))
                0x0000000000000200                _Min_Heap_Size = 0x200
                0x0000000000000400                _Min_Stack_Size = 0x400

.isr_vector     0x0000000008000000       0xc0
                0x0000000008000000                . = ALIGN (0x4)
 *(.isr_vector)
 .isr_vector    0x0000000008000000       0xc0 Core/Startup/startup_stm32f042f6px.o
                0x0000000008000000                g_pfnVectors
                0x00000000080000c0                . = ALIGN (0x4)

.text           0x00000000080000c0     0x5474
                0x00000000080000c0                . = ALIGN (0x4)
 *(.text)
 .text          0x00000000080000c0       0x48 /home/igor/stm32cubeide/plugins/com.st.stm32cube.ide.mcu.externaltools.gnu-tools-for-stm32.7-2018-q2-update.linux64_1.0.0.201904181610/tools/bin/../lib/gcc/arm-none-eabi/7.3.1/thumb/v6-m/crtbegin.o
 .text          0x0000000008000108      0x114 /home/igor/stm32cubeide/plugins/com.st.stm32cube.ide.mcu.externaltools.gnu-tools-for-stm32.7-2018-q2-update.linux64_1.0.0.201904181610/tools/bin/../lib/gcc/arm-none-eabi/7.3.1/thumb/v6-m/libgcc.a(_udivsi3.o)
                0x0000000008000108                __udivsi3
                0x0000000008000108                __aeabi_uidiv
                0x0000000008000214                __aeabi_uidivmod
 .text          0x000000000800021c        0x4 /home/igor/stm32cubeide/plugins/com.st.stm32cube.ide.mcu.externaltools.gnu-tools-for-stm32.7-2018-q2-update.linux64_1.0.0.201904181610/tools/bin/../lib/gcc/arm-none-eabi/7.3.1/thumb/v6-m/libgcc.a(_dvmd_tls.o)
                0x000000000800021c                __aeabi_ldiv0
                0x000000000800021c                __aeabi_idiv0
 .text          0x0000000008000220       0x7c /home/igor/stm32cubeide/plugins/com.st.stm32cube.ide.mcu.externaltools.gnu-tools-for-stm32.7-2018-q2-update.linux64_1.0.0.201904181610/tools/bin/../lib/gcc/arm-none-eabi/7.3.1/thumb/v6-m/libgcc.a(_arm_cmpdf2.o)
                0x0000000008000220                __aeabi_cdrcmple
                0x0000000008000230                __aeabi_cdcmple
                0x0000000008000230                __aeabi_cdcmpeq
                0x0000000008000240                __aeabi_dcmpeq
                0x000000000800024c                __aeabi_dcmplt
                0x0000000008000260                __aeabi_dcmple
                0x0000000008000274                __aeabi_dcmpgt
                0x0000000008000288                __aeabi_dcmpge
 .text          0x000000000800029c       0x74 /home/igor/stm32cubeide/plugins/com.st.stm32cube.ide.mcu.externaltools.gnu-tools-for-stm32.7-2018-q2-update.linux64_1.0.0.201904181610/tools/bin/../lib/gcc/arm-none-eabi/7.3.1/thumb/v6-m/libgcc.a(_arm_cmpsf2.o)
                0x000000000800029c                __aeabi_cfrcmple
                0x00000000080002a4                __aeabi_cfcmple
                0x00000000080002a4                __aeabi_cfcmpeq
                0x00000000080002b4                __aeabi_fcmpeq
                0x00000000080002c0                __aeabi_fcmplt
                0x00000000080002d4                __aeabi_fcmple
                0x00000000080002e8                __aeabi_fcmpgt
                0x00000000080002fc                __aeabi_fcmpge
 .text          0x0000000008000310       0x30 /home/igor/stm32cubeide/plugins/com.st.stm32cube.ide.mcu.externaltools.gnu-tools-for-stm32.7-2018-q2-update.linux64_1.0.0.201904181610/tools/bin/../lib/gcc/arm-none-eabi/7.3.1/thumb/v6-m/libgcc.a(_fixunssfsi.o)
                0x0000000008000310                __aeabi_f2uiz
                0x0000000008000310                __fixunssfsi
 .text          0x0000000008000340       0x50 /home/igor/stm32cubeide/plugins/com.st.stm32cube.ide.mcu.externaltools.gnu-tools-for-stm32.7-2018-q2-update.linux64_1.0.0.201904181610/tools/bin/../lib/gcc/arm-none-eabi/7.3.1/thumb/v6-m/libgcc.a(eqsf2.o)
                0x0000000008000340                __nesf2
                0x0000000008000340                __eqsf2
 .text          0x0000000008000390       0x9c /home/igor/stm32cubeide/plugins/com.st.stm32cube.ide.mcu.externaltools.gnu-tools-for-stm32.7-2018-q2-update.linux64_1.0.0.201904181610/tools/bin/../lib/gcc/arm-none-eabi/7.3.1/thumb/v6-m/libgcc.a(gesf2.o)
                0x0000000008000390                __gtsf2
                0x0000000008000390                __gesf2
 .text          0x000000000800042c       0xa0 /home/igor/stm32cubeide/plugins/com.st.stm32cube.ide.mcu.externaltools.gnu-tools-for-stm32.7-2018-q2-update.linux64_1.0.0.201904181610/tools/bin/../lib/gcc/arm-none-eabi/7.3.1/thumb/v6-m/libgcc.a(lesf2.o)
                0x000000000800042c                __lesf2
                0x000000000800042c                __ltsf2
 .text          0x00000000080004cc      0x264 /home/igor/stm32cubeide/plugins/com.st.stm32cube.ide.mcu.externaltools.gnu-tools-for-stm32.7-2018-q2-update.linux64_1.0.0.201904181610/tools/bin/../lib/gcc/arm-none-eabi/7.3.1/thumb/v6-m/libgcc.a(mulsf3.o)
                0x00000000080004cc                __aeabi_fmul
 .text          0x0000000008000730      0x388 /home/igor/stm32cubeide/plugins/com.st.stm32cube.ide.mcu.externaltools.gnu-tools-for-stm32.7-2018-q2-update.linux64_1.0.0.201904181610/tools/bin/../lib/gcc/arm-none-eabi/7.3.1/thumb/v6-m/libgcc.a(subsf3.o)
                0x0000000008000730                __aeabi_fsub
 .text          0x0000000008000ab8       0x40 /home/igor/stm32cubeide/plugins/com.st.stm32cube.ide.mcu.externaltools.gnu-tools-for-stm32.7-2018-q2-update.linux64_1.0.0.201904181610/tools/bin/../lib/gcc/arm-none-eabi/7.3.1/thumb/v6-m/libgcc.a(fixsfsi.o)
                0x0000000008000ab8                __aeabi_f2iz
 .text          0x0000000008000af8       0x78 /home/igor/stm32cubeide/plugins/com.st.stm32cube.ide.mcu.externaltools.gnu-tools-for-stm32.7-2018-q2-update.linux64_1.0.0.201904181610/tools/bin/../lib/gcc/arm-none-eabi/7.3.1/thumb/v6-m/libgcc.a(eqdf2.o)
                0x0000000008000af8                __eqdf2
                0x0000000008000af8                __nedf2
 .text          0x0000000008000b70       0xc8 /home/igor/stm32cubeide/plugins/com.st.stm32cube.ide.mcu.externaltools.gnu-tools-for-stm32.7-2018-q2-update.linux64_1.0.0.201904181610/tools/bin/../lib/gcc/arm-none-eabi/7.3.1/thumb/v6-m/libgcc.a(gedf2.o)
                0x0000000008000b70                __gtdf2
                0x0000000008000b70                __gedf2
 .text          0x0000000008000c38       0xd0 /home/igor/stm32cubeide/plugins/com.st.stm32cube.ide.mcu.externaltools.gnu-tools-for-stm32.7-2018-q2-update.linux64_1.0.0.201904181610/tools/bin/../lib/gcc/arm-none-eabi/7.3.1/thumb/v6-m/libgcc.a(ledf2.o)
                0x0000000008000c38                __ltdf2
                0x0000000008000c38                __ledf2
 .text          0x0000000008000d08       0xa4 /home/igor/stm32cubeide/plugins/com.st.stm32cube.ide.mcu.externaltools.gnu-tools-for-stm32.7-2018-q2-update.linux64_1.0.0.201904181610/tools/bin/../lib/gcc/arm-none-eabi/7.3.1/thumb/v6-m/libgcc.a(extendsfdf2.o)
                0x0000000008000d08                __aeabi_f2d
 .text          0x0000000008000dac       0x3c /home/igor/stm32cubeide/plugins/com.st.stm32cube.ide.mcu.externaltools.gnu-tools-for-stm32.7-2018-q2-update.linux64_1.0.0.201904181610/tools/bin/../lib/gcc/arm-none-eabi/7.3.1/thumb/v6-m/libgcc.a(_clzsi2.o)
                0x0000000008000dac                __clzsi2
 *(.text*)
 .text.VL53L0X_init
                0x0000000008000de8      0x692 Core/Src/VL53L0X.o
                0x0000000008000de8                VL53L0X_init
 *fill*         0x000000000800147a        0x2 
 .text.VL53L0X_writeReg
                0x000000000800147c       0x58 Core/Src/VL53L0X.o
                0x000000000800147c                VL53L0X_writeReg
 .text.VL53L0X_writeReg16Bit
                0x00000000080014d4       0x68 Core/Src/VL53L0X.o
                0x00000000080014d4                VL53L0X_writeReg16Bit
 .text.VL53L0X_writeReg32Bit
                0x000000000800153c       0x74 Core/Src/VL53L0X.o
                0x000000000800153c                VL53L0X_writeReg32Bit
 .text.VL53L0X_readReg
                0x00000000080015b0       0x50 Core/Src/VL53L0X.o
                0x00000000080015b0                VL53L0X_readReg
 .text.VL53L0X_readReg16Bit
                0x0000000008001600       0x5c Core/Src/VL53L0X.o
                0x0000000008001600                VL53L0X_readReg16Bit
 .text.VL53L0X_writeMulti
                0x000000000800165c       0x78 Core/Src/VL53L0X.o
                0x000000000800165c                VL53L0X_writeMulti
 .text.VL53L0X_readMulti
                0x00000000080016d4       0x60 Core/Src/VL53L0X.o
                0x00000000080016d4                VL53L0X_readMulti
 .text.VL53L0X_setSignalRateLimit
                0x0000000008001734       0x60 Core/Src/VL53L0X.o
                0x0000000008001734                VL53L0X_setSignalRateLimit
 .text.VL53L0X_setMeasurementTimingBudget
                0x0000000008001794      0x19c Core/Src/VL53L0X.o
                0x0000000008001794                VL53L0X_setMeasurementTimingBudget
 .text.VL53L0X_getMeasurementTimingBudget
                0x0000000008001930      0x128 Core/Src/VL53L0X.o
                0x0000000008001930                VL53L0X_getMeasurementTimingBudget
 .text.VL53L0X_setVcselPulsePeriod
                0x0000000008001a58      0x368 Core/Src/VL53L0X.o
                0x0000000008001a58                VL53L0X_setVcselPulsePeriod
 .text.VL53L0X_getVcselPulsePeriod
                0x0000000008001dc0       0x54 Core/Src/VL53L0X.o
                0x0000000008001dc0                VL53L0X_getVcselPulsePeriod
 .text.VL53L0X_startContinuous
                0x0000000008001e14       0xba Core/Src/VL53L0X.o
                0x0000000008001e14                VL53L0X_startContinuous
 *fill*         0x0000000008001ece        0x2 
 .text.VL53L0X_readRangeContinuousMillimeters
                0x0000000008001ed0       0x6c Core/Src/VL53L0X.o
                0x0000000008001ed0                VL53L0X_readRangeContinuousMillimeters
 .text.VL53L0X_getSpadInfo
                0x0000000008001f3c      0x178 Core/Src/VL53L0X.o
                0x0000000008001f3c                VL53L0X_getSpadInfo
 .text.VL53L0X_getSequenceStepEnables
                0x00000000080020b4       0xa0 Core/Src/VL53L0X.o
                0x00000000080020b4                VL53L0X_getSequenceStepEnables
 .text.VL53L0X_getSequenceStepTimeouts
                0x0000000008002154       0xe2 Core/Src/VL53L0X.o
                0x0000000008002154                VL53L0X_getSequenceStepTimeouts
 .text.VL53L0X_decodeTimeout
                0x0000000008002236       0x2c Core/Src/VL53L0X.o
                0x0000000008002236                VL53L0X_decodeTimeout
 .text.VL53L0X_encodeTimeout
                0x0000000008002262       0x68 Core/Src/VL53L0X.o
                0x0000000008002262                VL53L0X_encodeTimeout
 .text.VL53L0X_timeoutMclksToMicroseconds
                0x00000000080022ca       0x60 Core/Src/VL53L0X.o
                0x00000000080022ca                VL53L0X_timeoutMclksToMicroseconds
 .text.VL53L0X_timeoutMicrosecondsToMclks
                0x000000000800232a       0x62 Core/Src/VL53L0X.o
                0x000000000800232a                VL53L0X_timeoutMicrosecondsToMclks
 .text.VL53L0X_performSingleRefCalibration
                0x000000000800238c       0x72 Core/Src/VL53L0X.o
                0x000000000800238c                VL53L0X_performSingleRefCalibration
 *fill*         0x00000000080023fe        0x2 
 .text.VL53L0X_startTimeout
                0x0000000008002400       0x1c Core/Src/VL53L0X.o
                0x0000000008002400                VL53L0X_startTimeout
 .text.VL53L0X_checkTimeoutExpired
                0x000000000800241c       0x3c Core/Src/VL53L0X.o
                0x000000000800241c                VL53L0X_checkTimeoutExpired
 .text.main     0x0000000008002458      0x15c Core/Src/main.o
                0x0000000008002458                main
 .text.SystemClock_Config
                0x00000000080025b4       0xc8 Core/Src/main.o
                0x00000000080025b4                SystemClock_Config
 .text.MX_CAN_Init
                0x000000000800267c       0x6c Core/Src/main.o
 .text.MX_I2C1_Init
                0x00000000080026e8       0x80 Core/Src/main.o
 .text.MX_TIM2_Init
                0x0000000008002768       0xa4 Core/Src/main.o
 .text.MX_GPIO_Init
                0x000000000800280c       0x90 Core/Src/main.o
 .text.Error_Handler
                0x000000000800289c        0xa Core/Src/main.o
                0x000000000800289c                Error_Handler
 *fill*         0x00000000080028a6        0x2 
 .text.HAL_MspInit
                0x00000000080028a8       0x58 Core/Src/stm32f0xx_hal_msp.o
                0x00000000080028a8                HAL_MspInit
 .text.HAL_CAN_MspInit
                0x0000000008002900       0x9c Core/Src/stm32f0xx_hal_msp.o
                0x0000000008002900                HAL_CAN_MspInit
 .text.HAL_I2C_MspInit
                0x000000000800299c       0x9c Core/Src/stm32f0xx_hal_msp.o
                0x000000000800299c                HAL_I2C_MspInit
 .text.HAL_TIM_Base_MspInit
                0x0000000008002a38       0x48 Core/Src/stm32f0xx_hal_msp.o
                0x0000000008002a38                HAL_TIM_Base_MspInit
 .text.NMI_Handler
                0x0000000008002a80        0xa Core/Src/stm32f0xx_it.o
                0x0000000008002a80                NMI_Handler
 .text.HardFault_Handler
                0x0000000008002a8a        0x6 Core/Src/stm32f0xx_it.o
                0x0000000008002a8a                HardFault_Handler
 .text.SVC_Handler
                0x0000000008002a90        0xa Core/Src/stm32f0xx_it.o
                0x0000000008002a90                SVC_Handler
 .text.PendSV_Handler
                0x0000000008002a9a        0xa Core/Src/stm32f0xx_it.o
                0x0000000008002a9a                PendSV_Handler
 .text.SysTick_Handler
                0x0000000008002aa4       0x5c Core/Src/stm32f0xx_it.o
                0x0000000008002aa4                SysTick_Handler
 .text.TIM2_IRQHandler
                0x0000000008002b00       0x18 Core/Src/stm32f0xx_it.o
                0x0000000008002b00                TIM2_IRQHandler
 .text.SystemInit
                0x0000000008002b18        0xa Core/Src/system_stm32f0xx.o
                0x0000000008002b18                SystemInit
 *fill*         0x0000000008002b22        0x2 
 .text.Reset_Handler
                0x0000000008002b24       0x80 Core/Startup/startup_stm32f042f6px.o
                0x0000000008002b24                Reset_Handler
 .text.Default_Handler
                0x0000000008002ba4        0x2 Core/Startup/startup_stm32f042f6px.o
                0x0000000008002ba4                TIM1_CC_IRQHandler
                0x0000000008002ba4                TSC_IRQHandler
                0x0000000008002ba4                I2C1_IRQHandler
                0x0000000008002ba4                RCC_CRS_IRQHandler
                0x0000000008002ba4                SPI1_IRQHandler
                0x0000000008002ba4                EXTI2_3_IRQHandler
                0x0000000008002ba4                ADC1_IRQHandler
                0x0000000008002ba4                TIM17_IRQHandler
                0x0000000008002ba4                CEC_CAN_IRQHandler
                0x0000000008002ba4                RTC_IRQHandler
                0x0000000008002ba4                PVD_VDDIO2_IRQHandler
                0x0000000008002ba4                TIM16_IRQHandler
                0x0000000008002ba4                TIM3_IRQHandler
                0x0000000008002ba4                EXTI4_15_IRQHandler
                0x0000000008002ba4                DMA1_Channel1_IRQHandler
                0x0000000008002ba4                Default_Handler
                0x0000000008002ba4                TIM14_IRQHandler
                0x0000000008002ba4                DMA1_Channel4_5_IRQHandler
                0x0000000008002ba4                EXTI0_1_IRQHandler
                0x0000000008002ba4                USB_IRQHandler
                0x0000000008002ba4                SPI2_IRQHandler
                0x0000000008002ba4                WWDG_IRQHandler
                0x0000000008002ba4                DMA1_Channel2_3_IRQHandler
                0x0000000008002ba4                USART2_IRQHandler
                0x0000000008002ba4                FLASH_IRQHandler
                0x0000000008002ba4                USART1_IRQHandler
                0x0000000008002ba4                TIM1_BRK_UP_TRG_COM_IRQHandler
 *fill*         0x0000000008002ba6        0x2 
 .text.HAL_Init
                0x0000000008002ba8       0x28 Drivers/STM32F0xx_HAL_Driver/Src/stm32f0xx_hal.o
                0x0000000008002ba8                HAL_Init
 .text.HAL_InitTick
                0x0000000008002bd0       0x68 Drivers/STM32F0xx_HAL_Driver/Src/stm32f0xx_hal.o
                0x0000000008002bd0                HAL_InitTick
 .text.HAL_IncTick
                0x0000000008002c38       0x24 Drivers/STM32F0xx_HAL_Driver/Src/stm32f0xx_hal.o
                0x0000000008002c38                HAL_IncTick
 .text.HAL_GetTick
                0x0000000008002c5c       0x14 Drivers/STM32F0xx_HAL_Driver/Src/stm32f0xx_hal.o
                0x0000000008002c5c                HAL_GetTick
 .text.HAL_CAN_Init
                0x0000000008002c70      0x1fc Drivers/STM32F0xx_HAL_Driver/Src/stm32f0xx_hal_can.o
                0x0000000008002c70                HAL_CAN_Init
 .text.HAL_CAN_ConfigFilter
                0x0000000008002e6c      0x1e4 Drivers/STM32F0xx_HAL_Driver/Src/stm32f0xx_hal_can.o
                0x0000000008002e6c                HAL_CAN_ConfigFilter
 .text.HAL_CAN_Start
                0x0000000008003050       0x8c Drivers/STM32F0xx_HAL_Driver/Src/stm32f0xx_hal_can.o
                0x0000000008003050                HAL_CAN_Start
 .text.HAL_CAN_AddTxMessage
                0x00000000080030dc      0x1be Drivers/STM32F0xx_HAL_Driver/Src/stm32f0xx_hal_can.o
                0x00000000080030dc                HAL_CAN_AddTxMessage
 *fill*         0x000000000800329a        0x2 
 .text.__NVIC_EnableIRQ
                0x000000000800329c       0x34 Drivers/STM32F0xx_HAL_Driver/Src/stm32f0xx_hal_cortex.o
 .text.__NVIC_SetPriority
                0x00000000080032d0       0xdc Drivers/STM32F0xx_HAL_Driver/Src/stm32f0xx_hal_cortex.o
 .text.SysTick_Config
                0x00000000080033ac       0x48 Drivers/STM32F0xx_HAL_Driver/Src/stm32f0xx_hal_cortex.o
 .text.HAL_NVIC_SetPriority
                0x00000000080033f4       0x2a Drivers/STM32F0xx_HAL_Driver/Src/stm32f0xx_hal_cortex.o
                0x00000000080033f4                HAL_NVIC_SetPriority
 .text.HAL_NVIC_EnableIRQ
                0x000000000800341e       0x20 Drivers/STM32F0xx_HAL_Driver/Src/stm32f0xx_hal_cortex.o
                0x000000000800341e                HAL_NVIC_EnableIRQ
 .text.HAL_SYSTICK_Config
                0x000000000800343e       0x1a Drivers/STM32F0xx_HAL_Driver/Src/stm32f0xx_hal_cortex.o
                0x000000000800343e                HAL_SYSTICK_Config
 .text.HAL_GPIO_Init
                0x0000000008003458      0x2d0 Drivers/STM32F0xx_HAL_Driver/Src/stm32f0xx_hal_gpio.o
                0x0000000008003458                HAL_GPIO_Init
 .text.HAL_GPIO_WritePin
                0x0000000008003728       0x3a Drivers/STM32F0xx_HAL_Driver/Src/stm32f0xx_hal_gpio.o
                0x0000000008003728                HAL_GPIO_WritePin
 *fill*         0x0000000008003762        0x2 
 .text.HAL_I2C_Init
                0x0000000008003764      0x12c Drivers/STM32F0xx_HAL_Driver/Src/stm32f0xx_hal_i2c.o
                0x0000000008003764                HAL_I2C_Init
 .text.HAL_I2C_Master_Transmit
                0x0000000008003890      0x210 Drivers/STM32F0xx_HAL_Driver/Src/stm32f0xx_hal_i2c.o
                0x0000000008003890                HAL_I2C_Master_Transmit
 .text.HAL_I2C_Mem_Read
                0x0000000008003aa0      0x268 Drivers/STM32F0xx_HAL_Driver/Src/stm32f0xx_hal_i2c.o
                0x0000000008003aa0                HAL_I2C_Mem_Read
 .text.I2C_RequestMemoryRead
                0x0000000008003d08       0xc4 Drivers/STM32F0xx_HAL_Driver/Src/stm32f0xx_hal_i2c.o
 .text.I2C_Flush_TXDR
                0x0000000008003dcc       0x44 Drivers/STM32F0xx_HAL_Driver/Src/stm32f0xx_hal_i2c.o
 .text.I2C_WaitOnFlagUntilTimeout
                0x0000000008003e10       0x7e Drivers/STM32F0xx_HAL_Driver/Src/stm32f0xx_hal_i2c.o
 .text.I2C_WaitOnTXISFlagUntilTimeout
                0x0000000008003e8e       0x7e Drivers/STM32F0xx_HAL_Driver/Src/stm32f0xx_hal_i2c.o
 .text.I2C_WaitOnSTOPFlagUntilTimeout
                0x0000000008003f0c       0x78 Drivers/STM32F0xx_HAL_Driver/Src/stm32f0xx_hal_i2c.o
 .text.I2C_IsAcknowledgeFailed
                0x0000000008003f84       0xcc Drivers/STM32F0xx_HAL_Driver/Src/stm32f0xx_hal_i2c.o
 .text.I2C_TransferConfig
                0x0000000008004050       0x6c Drivers/STM32F0xx_HAL_Driver/Src/stm32f0xx_hal_i2c.o
 .text.HAL_I2CEx_ConfigAnalogFilter
                0x00000000080040bc       0x98 Drivers/STM32F0xx_HAL_Driver/Src/stm32f0xx_hal_i2c_ex.o
                0x00000000080040bc                HAL_I2CEx_ConfigAnalogFilter
 .text.HAL_I2CEx_ConfigDigitalFilter
                0x0000000008004154       0x98 Drivers/STM32F0xx_HAL_Driver/Src/stm32f0xx_hal_i2c_ex.o
                0x0000000008004154                HAL_I2CEx_ConfigDigitalFilter
 .text.HAL_RCC_OscConfig
                0x00000000080041ec      0x70c Drivers/STM32F0xx_HAL_Driver/Src/stm32f0xx_hal_rcc.o
                0x00000000080041ec                HAL_RCC_OscConfig
 .text.HAL_RCC_ClockConfig
                0x00000000080048f8      0x1b4 Drivers/STM32F0xx_HAL_Driver/Src/stm32f0xx_hal_rcc.o
                0x00000000080048f8                HAL_RCC_ClockConfig
 .text.HAL_RCC_GetSysClockFreq
                0x0000000008004aac       0xfc Drivers/STM32F0xx_HAL_Driver/Src/stm32f0xx_hal_rcc.o
                0x0000000008004aac                HAL_RCC_GetSysClockFreq
 .text.HAL_RCCEx_PeriphCLKConfig
                0x0000000008004ba8      0x1dc Drivers/STM32F0xx_HAL_Driver/Src/stm32f0xx_hal_rcc_ex.o
                0x0000000008004ba8                HAL_RCCEx_PeriphCLKConfig
 .text.HAL_TIM_Base_Init
                0x0000000008004d84       0x58 Drivers/STM32F0xx_HAL_Driver/Src/stm32f0xx_hal_tim.o
                0x0000000008004d84                HAL_TIM_Base_Init
 .text.HAL_TIM_IRQHandler
                0x0000000008004ddc      0x22c Drivers/STM32F0xx_HAL_Driver/Src/stm32f0xx_hal_tim.o
                0x0000000008004ddc                HAL_TIM_IRQHandler
 .text.HAL_TIM_ConfigClockSource
                0x0000000008005008      0x17c Drivers/STM32F0xx_HAL_Driver/Src/stm32f0xx_hal_tim.o
                0x0000000008005008                HAL_TIM_ConfigClockSource
 .text.HAL_TIM_PeriodElapsedCallback
                0x0000000008005184       0x10 Drivers/STM32F0xx_HAL_Driver/Src/stm32f0xx_hal_tim.o
                0x0000000008005184                HAL_TIM_PeriodElapsedCallback
 .text.HAL_TIM_OC_DelayElapsedCallback
                0x0000000008005194       0x10 Drivers/STM32F0xx_HAL_Driver/Src/stm32f0xx_hal_tim.o
                0x0000000008005194                HAL_TIM_OC_DelayElapsedCallback
 .text.HAL_TIM_IC_CaptureCallback
                0x00000000080051a4       0x10 Drivers/STM32F0xx_HAL_Driver/Src/stm32f0xx_hal_tim.o
                0x00000000080051a4                HAL_TIM_IC_CaptureCallback
 .text.HAL_TIM_PWM_PulseFinishedCallback
                0x00000000080051b4       0x10 Drivers/STM32F0xx_HAL_Driver/Src/stm32f0xx_hal_tim.o
                0x00000000080051b4                HAL_TIM_PWM_PulseFinishedCallback
 .text.HAL_TIM_TriggerCallback
                0x00000000080051c4       0x10 Drivers/STM32F0xx_HAL_Driver/Src/stm32f0xx_hal_tim.o
                0x00000000080051c4                HAL_TIM_TriggerCallback
 .text.TIM_Base_SetConfig
                0x00000000080051d4       0xec Drivers/STM32F0xx_HAL_Driver/Src/stm32f0xx_hal_tim.o
                0x00000000080051d4                TIM_Base_SetConfig
 .text.TIM_TI1_ConfigInputStage
                0x00000000080052c0       0x5c Drivers/STM32F0xx_HAL_Driver/Src/stm32f0xx_hal_tim.o
 .text.TIM_TI2_ConfigInputStage
                0x000000000800531c       0x64 Drivers/STM32F0xx_HAL_Driver/Src/stm32f0xx_hal_tim.o
 .text.TIM_ITRx_SetConfig
                0x0000000008005380       0x32 Drivers/STM32F0xx_HAL_Driver/Src/stm32f0xx_hal_tim.o
 *fill*         0x00000000080053b2        0x2 
 .text.TIM_ETR_SetConfig
                0x00000000080053b4       0x40 Drivers/STM32F0xx_HAL_Driver/Src/stm32f0xx_hal_tim.o
                0x00000000080053b4                TIM_ETR_SetConfig
 .text.HAL_TIMEx_MasterConfigSynchronization
                0x00000000080053f4       0xb0 Drivers/STM32F0xx_HAL_Driver/Src/stm32f0xx_hal_tim_ex.o
                0x00000000080053f4                HAL_TIMEx_MasterConfigSynchronization
 .text.HAL_TIMEx_CommutCallback
                0x00000000080054a4       0x10 Drivers/STM32F0xx_HAL_Driver/Src/stm32f0xx_hal_tim_ex.o
                0x00000000080054a4                HAL_TIMEx_CommutCallback
 .text.HAL_TIMEx_BreakCallback
                0x00000000080054b4       0x10 Drivers/STM32F0xx_HAL_Driver/Src/stm32f0xx_hal_tim_ex.o
                0x00000000080054b4                HAL_TIMEx_BreakCallback
 .text.__libc_init_array
                0x00000000080054c4       0x48 /home/igor/stm32cubeide/plugins/com.st.stm32cube.ide.mcu.externaltools.gnu-tools-for-stm32.7-2018-q2-update.linux64_1.0.0.201904181610/tools/bin/../lib/gcc/arm-none-eabi/7.3.1/../../../../arm-none-eabi/lib/thumb/v6-m/libc_nano.a(lib_a-init.o)
                0x00000000080054c4                __libc_init_array
 .text.memset   0x000000000800550c       0x10 /home/igor/stm32cubeide/plugins/com.st.stm32cube.ide.mcu.externaltools.gnu-tools-for-stm32.7-2018-q2-update.linux64_1.0.0.201904181610/tools/bin/../lib/gcc/arm-none-eabi/7.3.1/../../../../arm-none-eabi/lib/thumb/v6-m/libc_nano.a(lib_a-memset.o)
                0x000000000800550c                memset
 *(.glue_7)
 .glue_7        0x000000000800551c        0x0 linker stubs
 *(.glue_7t)
 .glue_7t       0x000000000800551c        0x0 linker stubs
 *(.eh_frame)
 .eh_frame      0x000000000800551c        0x0 /home/igor/stm32cubeide/plugins/com.st.stm32cube.ide.mcu.externaltools.gnu-tools-for-stm32.7-2018-q2-update.linux64_1.0.0.201904181610/tools/bin/../lib/gcc/arm-none-eabi/7.3.1/thumb/v6-m/crtbegin.o
 *(.init)
 .init          0x000000000800551c        0x4 /home/igor/stm32cubeide/plugins/com.st.stm32cube.ide.mcu.externaltools.gnu-tools-for-stm32.7-2018-q2-update.linux64_1.0.0.201904181610/tools/bin/../lib/gcc/arm-none-eabi/7.3.1/thumb/v6-m/crti.o
                0x000000000800551c                _init
 .init          0x0000000008005520        0x8 /home/igor/stm32cubeide/plugins/com.st.stm32cube.ide.mcu.externaltools.gnu-tools-for-stm32.7-2018-q2-update.linux64_1.0.0.201904181610/tools/bin/../lib/gcc/arm-none-eabi/7.3.1/thumb/v6-m/crtn.o
 *(.fini)
 .fini          0x0000000008005528        0x4 /home/igor/stm32cubeide/plugins/com.st.stm32cube.ide.mcu.externaltools.gnu-tools-for-stm32.7-2018-q2-update.linux64_1.0.0.201904181610/tools/bin/../lib/gcc/arm-none-eabi/7.3.1/thumb/v6-m/crti.o
                0x0000000008005528                _fini
 .fini          0x000000000800552c        0x8 /home/igor/stm32cubeide/plugins/com.st.stm32cube.ide.mcu.externaltools.gnu-tools-for-stm32.7-2018-q2-update.linux64_1.0.0.201904181610/tools/bin/../lib/gcc/arm-none-eabi/7.3.1/thumb/v6-m/crtn.o
                0x0000000008005534                . = ALIGN (0x4)
                0x0000000008005534                _etext = .

.vfp11_veneer   0x0000000008005534        0x0
 .vfp11_veneer  0x0000000008005534        0x0 linker stubs

.v4_bx          0x0000000008005534        0x0
 .v4_bx         0x0000000008005534        0x0 linker stubs

.iplt           0x0000000008005534        0x0
 .iplt          0x0000000008005534        0x0 /home/igor/stm32cubeide/plugins/com.st.stm32cube.ide.mcu.externaltools.gnu-tools-for-stm32.7-2018-q2-update.linux64_1.0.0.201904181610/tools/bin/../lib/gcc/arm-none-eabi/7.3.1/thumb/v6-m/crtbegin.o

.rodata         0x0000000008005534       0x70
                0x0000000008005534                . = ALIGN (0x4)
 *(.rodata)
 .rodata        0x0000000008005534       0x20 Drivers/STM32F0xx_HAL_Driver/Src/stm32f0xx_hal_rcc.o
 .rodata        0x0000000008005554       0x40 /home/igor/stm32cubeide/plugins/com.st.stm32cube.ide.mcu.externaltools.gnu-tools-for-stm32.7-2018-q2-update.linux64_1.0.0.201904181610/tools/bin/../lib/gcc/arm-none-eabi/7.3.1/thumb/v6-m/libgcc.a(mulsf3.o)
 *(.rodata*)
 .rodata.AHBPrescTable
                0x0000000008005594       0x10 Core/Src/system_stm32f0xx.o
                0x0000000008005594                AHBPrescTable
                0x00000000080055a4                . = ALIGN (0x4)

.rel.dyn        0x00000000080055a4        0x0
 .rel.iplt      0x00000000080055a4        0x0 /home/igor/stm32cubeide/plugins/com.st.stm32cube.ide.mcu.externaltools.gnu-tools-for-stm32.7-2018-q2-update.linux64_1.0.0.201904181610/tools/bin/../lib/gcc/arm-none-eabi/7.3.1/thumb/v6-m/crtbegin.o

.ARM.extab      0x00000000080055a4        0x0
                0x00000000080055a4                . = ALIGN (0x4)
 *(.ARM.extab* .gnu.linkonce.armextab.*)
                0x00000000080055a4                . = ALIGN (0x4)

.ARM            0x00000000080055a4        0x0
                0x00000000080055a4                . = ALIGN (0x4)
                0x00000000080055a4                __exidx_start = .
 *(.ARM.exidx*)
                0x00000000080055a4                __exidx_end = .
                0x00000000080055a4                . = ALIGN (0x4)

.preinit_array  0x00000000080055a4        0x0
                0x00000000080055a4                . = ALIGN (0x4)
                0x00000000080055a4                PROVIDE (__preinit_array_start = .)
 *(.preinit_array*)
                0x00000000080055a4                PROVIDE (__preinit_array_end = .)
                0x00000000080055a4                . = ALIGN (0x4)

.init_array     0x00000000080055a4        0x4
                0x00000000080055a4                . = ALIGN (0x4)
                0x00000000080055a4                PROVIDE (__init_array_start = .)
 *(SORT_BY_NAME(.init_array.*))
 *(.init_array*)
 .init_array    0x00000000080055a4        0x4 /home/igor/stm32cubeide/plugins/com.st.stm32cube.ide.mcu.externaltools.gnu-tools-for-stm32.7-2018-q2-update.linux64_1.0.0.201904181610/tools/bin/../lib/gcc/arm-none-eabi/7.3.1/thumb/v6-m/crtbegin.o
                0x00000000080055a8                PROVIDE (__init_array_end = .)
                0x00000000080055a8                . = ALIGN (0x4)

.fini_array     0x00000000080055a8        0x4
                0x00000000080055a8                . = ALIGN (0x4)
                [!provide]                        PROVIDE (__fini_array_start = .)
 *(SORT_BY_NAME(.fini_array.*))
 *(.fini_array*)
 .fini_array    0x00000000080055a8        0x4 /home/igor/stm32cubeide/plugins/com.st.stm32cube.ide.mcu.externaltools.gnu-tools-for-stm32.7-2018-q2-update.linux64_1.0.0.201904181610/tools/bin/../lib/gcc/arm-none-eabi/7.3.1/thumb/v6-m/crtbegin.o
                [!provide]                        PROVIDE (__fini_array_end = .)
                0x00000000080055ac                . = ALIGN (0x4)
                0x00000000080055ac                _sidata = LOADADDR (.data)

.data           0x0000000020000000       0x24 load address 0x00000000080055ac
                0x0000000020000000                . = ALIGN (0x4)
                0x0000000020000000                _sdata = .
 *(.data)
 *(.data*)
 .data.myTOFsensor1
                0x0000000020000000       0x18 Core/Src/main.o
                0x0000000020000000                myTOFsensor1
 .data.SystemCoreClock
                0x0000000020000018        0x4 Core/Src/system_stm32f0xx.o
                0x0000000020000018                SystemCoreClock
 .data.uwTickPrio
                0x000000002000001c        0x4 Drivers/STM32F0xx_HAL_Driver/Src/stm32f0xx_hal.o
                0x000000002000001c                uwTickPrio
 .data.uwTickFreq
                0x0000000020000020        0x1 Drivers/STM32F0xx_HAL_Driver/Src/stm32f0xx_hal.o
                0x0000000020000020                uwTickFreq
                0x0000000020000024                . = ALIGN (0x4)
 *fill*         0x0000000020000021        0x3 
                0x0000000020000024                _edata = .

.igot.plt       0x0000000020000024        0x0 load address 0x00000000080055d0
 .igot.plt      0x0000000020000024        0x0 /home/igor/stm32cubeide/plugins/com.st.stm32cube.ide.mcu.externaltools.gnu-tools-for-stm32.7-2018-q2-update.linux64_1.0.0.201904181610/tools/bin/../lib/gcc/arm-none-eabi/7.3.1/thumb/v6-m/crtbegin.o
                0x0000000020000024                . = ALIGN (0x4)

.bss            0x0000000020000024      0x148 load address 0x00000000080055d0
                0x0000000020000024                _sbss = .
                0x0000000020000024                __bss_start__ = _sbss
 *(.bss)
 .bss           0x0000000020000024       0x1c /home/igor/stm32cubeide/plugins/com.st.stm32cube.ide.mcu.externaltools.gnu-tools-for-stm32.7-2018-q2-update.linux64_1.0.0.201904181610/tools/bin/../lib/gcc/arm-none-eabi/7.3.1/thumb/v6-m/crtbegin.o
 *(.bss*)
 .bss.aa        0x0000000020000040        0x1 Core/Src/main.o
                0x0000000020000040                aa
 .bss.measureValueToSm
                0x0000000020000041        0x1 Core/Src/main.o
                0x0000000020000041                measureValueToSm
 .bss.measureValue
                0x0000000020000042        0x2 Core/Src/main.o
                0x0000000020000042                measureValue
 .bss.count     0x0000000020000044        0x4 Core/Src/main.o
                0x0000000020000044                count
 .bss.sysTick_Time
                0x0000000020000048        0x4 Core/Src/main.o
                0x0000000020000048                sysTick_Time
 *(COMMON)
 COMMON         0x000000002000004c      0x11c Core/Src/main.o
                0x000000002000004c                sFilterConfig
                0x0000000020000074                hi2c1
                0x00000000200000c0                hcan
                0x00000000200000e8                vl53l0x_data
                0x00000000200000f0                TxMailbox
                0x00000000200000f4                htim2
                0x0000000020000134                pRxHeader
                0x0000000020000150                pHeader
 COMMON         0x0000000020000168        0x4 Drivers/STM32F0xx_HAL_Driver/Src/stm32f0xx_hal.o
                0x0000000020000168                uwTick
                0x000000002000016c                . = ALIGN (0x4)
                0x000000002000016c                _ebss = .
                0x000000002000016c                __bss_end__ = _ebss

._user_heap_stack
                0x000000002000016c      0x604 load address 0x00000000080055d0
                0x0000000020000170                . = ALIGN (0x8)
 *fill*         0x000000002000016c        0x4 
                0x0000000020000170                PROVIDE (end = .)
                [!provide]                        PROVIDE (_end = .)
                0x0000000020000370                . = (. + _Min_Heap_Size)
 *fill*         0x0000000020000170      0x200 
                0x0000000020000770                . = (. + _Min_Stack_Size)
 *fill*         0x0000000020000370      0x400 
                0x0000000020000770                . = ALIGN (0x8)

/DISCARD/
 libc.a(*)
 libm.a(*)
 libgcc.a(*)

.ARM.attributes
                0x0000000000000000       0x28
 *(.ARM.attributes)
 .ARM.attributes
                0x0000000000000000       0x1e /home/igor/stm32cubeide/plugins/com.st.stm32cube.ide.mcu.externaltools.gnu-tools-for-stm32.7-2018-q2-update.linux64_1.0.0.201904181610/tools/bin/../lib/gcc/arm-none-eabi/7.3.1/thumb/v6-m/crti.o
 .ARM.attributes
                0x000000000000001e       0x2c /home/igor/stm32cubeide/plugins/com.st.stm32cube.ide.mcu.externaltools.gnu-tools-for-stm32.7-2018-q2-update.linux64_1.0.0.201904181610/tools/bin/../lib/gcc/arm-none-eabi/7.3.1/thumb/v6-m/crtbegin.o
 .ARM.attributes
                0x000000000000004a       0x31 Core/Src/VL53L0X.o
 .ARM.attributes
                0x000000000000007b       0x31 Core/Src/main.o
 .ARM.attributes
                0x00000000000000ac       0x31 Core/Src/stm32f0xx_hal_msp.o
 .ARM.attributes
                0x00000000000000dd       0x31 Core/Src/stm32f0xx_it.o
 .ARM.attributes
                0x000000000000010e       0x31 Core/Src/system_stm32f0xx.o
 .ARM.attributes
                0x000000000000013f       0x21 Core/Startup/startup_stm32f042f6px.o
 .ARM.attributes
                0x0000000000000160       0x31 Drivers/STM32F0xx_HAL_Driver/Src/stm32f0xx_hal.o
 .ARM.attributes
                0x0000000000000191       0x31 Drivers/STM32F0xx_HAL_Driver/Src/stm32f0xx_hal_can.o
 .ARM.attributes
                0x00000000000001c2       0x31 Drivers/STM32F0xx_HAL_Driver/Src/stm32f0xx_hal_cortex.o
 .ARM.attributes
                0x00000000000001f3       0x31 Drivers/STM32F0xx_HAL_Driver/Src/stm32f0xx_hal_gpio.o
 .ARM.attributes
                0x0000000000000224       0x31 Drivers/STM32F0xx_HAL_Driver/Src/stm32f0xx_hal_i2c.o
 .ARM.attributes
                0x0000000000000255       0x31 Drivers/STM32F0xx_HAL_Driver/Src/stm32f0xx_hal_i2c_ex.o
 .ARM.attributes
                0x0000000000000286       0x31 Drivers/STM32F0xx_HAL_Driver/Src/stm32f0xx_hal_rcc.o
 .ARM.attributes
                0x00000000000002b7       0x31 Drivers/STM32F0xx_HAL_Driver/Src/stm32f0xx_hal_rcc_ex.o
 .ARM.attributes
                0x00000000000002e8       0x31 Drivers/STM32F0xx_HAL_Driver/Src/stm32f0xx_hal_tim.o
 .ARM.attributes
                0x0000000000000319       0x31 Drivers/STM32F0xx_HAL_Driver/Src/stm32f0xx_hal_tim_ex.o
 .ARM.attributes
                0x000000000000034a       0x2c /home/igor/stm32cubeide/plugins/com.st.stm32cube.ide.mcu.externaltools.gnu-tools-for-stm32.7-2018-q2-update.linux64_1.0.0.201904181610/tools/bin/../lib/gcc/arm-none-eabi/7.3.1/../../../../arm-none-eabi/lib/thumb/v6-m/libc_nano.a(lib_a-init.o)
 .ARM.attributes
                0x0000000000000376       0x2c /home/igor/stm32cubeide/plugins/com.st.stm32cube.ide.mcu.externaltools.gnu-tools-for-stm32.7-2018-q2-update.linux64_1.0.0.201904181610/tools/bin/../lib/gcc/arm-none-eabi/7.3.1/../../../../arm-none-eabi/lib/thumb/v6-m/libc_nano.a(lib_a-memset.o)
 .ARM.attributes
                0x00000000000003a2       0x1e /home/igor/stm32cubeide/plugins/com.st.stm32cube.ide.mcu.externaltools.gnu-tools-for-stm32.7-2018-q2-update.linux64_1.0.0.201904181610/tools/bin/../lib/gcc/arm-none-eabi/7.3.1/thumb/v6-m/libgcc.a(_udivsi3.o)
 .ARM.attributes
                0x00000000000003c0       0x1e /home/igor/stm32cubeide/plugins/com.st.stm32cube.ide.mcu.externaltools.gnu-tools-for-stm32.7-2018-q2-update.linux64_1.0.0.201904181610/tools/bin/../lib/gcc/arm-none-eabi/7.3.1/thumb/v6-m/libgcc.a(_dvmd_tls.o)
 .ARM.attributes
                0x00000000000003de       0x1e /home/igor/stm32cubeide/plugins/com.st.stm32cube.ide.mcu.externaltools.gnu-tools-for-stm32.7-2018-q2-update.linux64_1.0.0.201904181610/tools/bin/../lib/gcc/arm-none-eabi/7.3.1/thumb/v6-m/libgcc.a(_arm_cmpdf2.o)
 .ARM.attributes
                0x00000000000003fc       0x1e /home/igor/stm32cubeide/plugins/com.st.stm32cube.ide.mcu.externaltools.gnu-tools-for-stm32.7-2018-q2-update.linux64_1.0.0.201904181610/tools/bin/../lib/gcc/arm-none-eabi/7.3.1/thumb/v6-m/libgcc.a(_arm_cmpsf2.o)
 .ARM.attributes
                0x000000000000041a       0x2c /home/igor/stm32cubeide/plugins/com.st.stm32cube.ide.mcu.externaltools.gnu-tools-for-stm32.7-2018-q2-update.linux64_1.0.0.201904181610/tools/bin/../lib/gcc/arm-none-eabi/7.3.1/thumb/v6-m/libgcc.a(_fixunssfsi.o)
 .ARM.attributes
                0x0000000000000446       0x2c /home/igor/stm32cubeide/plugins/com.st.stm32cube.ide.mcu.externaltools.gnu-tools-for-stm32.7-2018-q2-update.linux64_1.0.0.201904181610/tools/bin/../lib/gcc/arm-none-eabi/7.3.1/thumb/v6-m/libgcc.a(eqsf2.o)
 .ARM.attributes
                0x0000000000000472       0x2c /home/igor/stm32cubeide/plugins/com.st.stm32cube.ide.mcu.externaltools.gnu-tools-for-stm32.7-2018-q2-update.linux64_1.0.0.201904181610/tools/bin/../lib/gcc/arm-none-eabi/7.3.1/thumb/v6-m/libgcc.a(gesf2.o)
 .ARM.attributes
                0x000000000000049e       0x2c /home/igor/stm32cubeide/plugins/com.st.stm32cube.ide.mcu.externaltools.gnu-tools-for-stm32.7-2018-q2-update.linux64_1.0.0.201904181610/tools/bin/../lib/gcc/arm-none-eabi/7.3.1/thumb/v6-m/libgcc.a(lesf2.o)
 .ARM.attributes
                0x00000000000004ca       0x2c /home/igor/stm32cubeide/plugins/com.st.stm32cube.ide.mcu.externaltools.gnu-tools-for-stm32.7-2018-q2-update.linux64_1.0.0.201904181610/tools/bin/../lib/gcc/arm-none-eabi/7.3.1/thumb/v6-m/libgcc.a(mulsf3.o)
 .ARM.attributes
                0x00000000000004f6       0x2c /home/igor/stm32cubeide/plugins/com.st.stm32cube.ide.mcu.externaltools.gnu-tools-for-stm32.7-2018-q2-update.linux64_1.0.0.201904181610/tools/bin/../lib/gcc/arm-none-eabi/7.3.1/thumb/v6-m/libgcc.a(subsf3.o)
 .ARM.attributes
                0x0000000000000522       0x2c /home/igor/stm32cubeide/plugins/com.st.stm32cube.ide.mcu.externaltools.gnu-tools-for-stm32.7-2018-q2-update.linux64_1.0.0.201904181610/tools/bin/../lib/gcc/arm-none-eabi/7.3.1/thumb/v6-m/libgcc.a(fixsfsi.o)
 .ARM.attributes
                0x000000000000054e       0x2c /home/igor/stm32cubeide/plugins/com.st.stm32cube.ide.mcu.externaltools.gnu-tools-for-stm32.7-2018-q2-update.linux64_1.0.0.201904181610/tools/bin/../lib/gcc/arm-none-eabi/7.3.1/thumb/v6-m/libgcc.a(eqdf2.o)
 .ARM.attributes
                0x000000000000057a       0x2c /home/igor/stm32cubeide/plugins/com.st.stm32cube.ide.mcu.externaltools.gnu-tools-for-stm32.7-2018-q2-update.linux64_1.0.0.201904181610/tools/bin/../lib/gcc/arm-none-eabi/7.3.1/thumb/v6-m/libgcc.a(gedf2.o)
 .ARM.attributes
                0x00000000000005a6       0x2c /home/igor/stm32cubeide/plugins/com.st.stm32cube.ide.mcu.externaltools.gnu-tools-for-stm32.7-2018-q2-update.linux64_1.0.0.201904181610/tools/bin/../lib/gcc/arm-none-eabi/7.3.1/thumb/v6-m/libgcc.a(ledf2.o)
 .ARM.attributes
                0x00000000000005d2       0x2c /home/igor/stm32cubeide/plugins/com.st.stm32cube.ide.mcu.externaltools.gnu-tools-for-stm32.7-2018-q2-update.linux64_1.0.0.201904181610/tools/bin/../lib/gcc/arm-none-eabi/7.3.1/thumb/v6-m/libgcc.a(extendsfdf2.o)
 .ARM.attributes
                0x00000000000005fe       0x1e /home/igor/stm32cubeide/plugins/com.st.stm32cube.ide.mcu.externaltools.gnu-tools-for-stm32.7-2018-q2-update.linux64_1.0.0.201904181610/tools/bin/../lib/gcc/arm-none-eabi/7.3.1/thumb/v6-m/libgcc.a(_clzsi2.o)
 .ARM.attributes
                0x000000000000061c       0x1e /home/igor/stm32cubeide/plugins/com.st.stm32cube.ide.mcu.externaltools.gnu-tools-for-stm32.7-2018-q2-update.linux64_1.0.0.201904181610/tools/bin/../lib/gcc/arm-none-eabi/7.3.1/thumb/v6-m/crtn.o
OUTPUT(STM32F042CANI2C.elf elf32-littlearm)

.debug_info     0x0000000000000000     0xd713
 .debug_info    0x0000000000000000     0x13dd Core/Src/VL53L0X.o
 .debug_info    0x00000000000013dd     0x1468 Core/Src/main.o
 .debug_info    0x0000000000002845     0x1113 Core/Src/stm32f0xx_hal_msp.o
 .debug_info    0x0000000000003958      0xa9f Core/Src/stm32f0xx_it.o
 .debug_info    0x00000000000043f7      0x29e Core/Src/system_stm32f0xx.o
 .debug_info    0x0000000000004695       0x22 Core/Startup/startup_stm32f042f6px.o
 .debug_info    0x00000000000046b7      0x69d Drivers/STM32F0xx_HAL_Driver/Src/stm32f0xx_hal.o
 .debug_info    0x0000000000004d54      0xf1e Drivers/STM32F0xx_HAL_Driver/Src/stm32f0xx_hal_can.o
 .debug_info    0x0000000000005c72      0x76e Drivers/STM32F0xx_HAL_Driver/Src/stm32f0xx_hal_cortex.o
 .debug_info    0x00000000000063e0      0x67a Drivers/STM32F0xx_HAL_Driver/Src/stm32f0xx_hal_gpio.o
 .debug_info    0x0000000000006a5a     0x1f43 Drivers/STM32F0xx_HAL_Driver/Src/stm32f0xx_hal_i2c.o
 .debug_info    0x000000000000899d      0x8c9 Drivers/STM32F0xx_HAL_Driver/Src/stm32f0xx_hal_i2c_ex.o
 .debug_info    0x0000000000009266      0x82d Drivers/STM32F0xx_HAL_Driver/Src/stm32f0xx_hal_rcc.o
 .debug_info    0x0000000000009a93      0x664 Drivers/STM32F0xx_HAL_Driver/Src/stm32f0xx_hal_rcc_ex.o
 .debug_info    0x000000000000a0f7     0x252c Drivers/STM32F0xx_HAL_Driver/Src/stm32f0xx_hal_tim.o
 .debug_info    0x000000000000c623     0x10f0 Drivers/STM32F0xx_HAL_Driver/Src/stm32f0xx_hal_tim_ex.o

.debug_abbrev   0x0000000000000000     0x1d73
 .debug_abbrev  0x0000000000000000      0x272 Core/Src/VL53L0X.o
 .debug_abbrev  0x0000000000000272      0x266 Core/Src/main.o
 .debug_abbrev  0x00000000000004d8      0x1dc Core/Src/stm32f0xx_hal_msp.o
 .debug_abbrev  0x00000000000006b4      0x194 Core/Src/stm32f0xx_it.o
 .debug_abbrev  0x0000000000000848      0x12b Core/Src/system_stm32f0xx.o
 .debug_abbrev  0x0000000000000973       0x12 Core/Startup/startup_stm32f042f6px.o
 .debug_abbrev  0x0000000000000985      0x1f2 Drivers/STM32F0xx_HAL_Driver/Src/stm32f0xx_hal.o
 .debug_abbrev  0x0000000000000b77      0x1b7 Drivers/STM32F0xx_HAL_Driver/Src/stm32f0xx_hal_can.o
 .debug_abbrev  0x0000000000000d2e      0x273 Drivers/STM32F0xx_HAL_Driver/Src/stm32f0xx_hal_cortex.o
 .debug_abbrev  0x0000000000000fa1      0x1c0 Drivers/STM32F0xx_HAL_Driver/Src/stm32f0xx_hal_gpio.o
 .debug_abbrev  0x0000000000001161      0x22a Drivers/STM32F0xx_HAL_Driver/Src/stm32f0xx_hal_i2c.o
 .debug_abbrev  0x000000000000138b      0x1b9 Drivers/STM32F0xx_HAL_Driver/Src/stm32f0xx_hal_i2c_ex.o
 .debug_abbrev  0x0000000000001544      0x20f Drivers/STM32F0xx_HAL_Driver/Src/stm32f0xx_hal_rcc.o
 .debug_abbrev  0x0000000000001753      0x1d2 Drivers/STM32F0xx_HAL_Driver/Src/stm32f0xx_hal_rcc_ex.o
 .debug_abbrev  0x0000000000001925      0x230 Drivers/STM32F0xx_HAL_Driver/Src/stm32f0xx_hal_tim.o
 .debug_abbrev  0x0000000000001b55      0x21e Drivers/STM32F0xx_HAL_Driver/Src/stm32f0xx_hal_tim_ex.o

.debug_aranges  0x0000000000000000      0xe38
 .debug_aranges
                0x0000000000000000      0x110 Core/Src/VL53L0X.o
 .debug_aranges
                0x0000000000000110       0x50 Core/Src/main.o
 .debug_aranges
                0x0000000000000160       0x50 Core/Src/stm32f0xx_hal_msp.o
 .debug_aranges
                0x00000000000001b0       0x48 Core/Src/stm32f0xx_it.o
 .debug_aranges
                0x00000000000001f8       0x28 Core/Src/system_stm32f0xx.o
 .debug_aranges
                0x0000000000000220       0x28 Core/Startup/startup_stm32f042f6px.o
 .debug_aranges
                0x0000000000000248       0xd0 Drivers/STM32F0xx_HAL_Driver/Src/stm32f0xx_hal.o
 .debug_aranges
                0x0000000000000318      0x138 Drivers/STM32F0xx_HAL_Driver/Src/stm32f0xx_hal_can.o
 .debug_aranges
                0x0000000000000450       0xc0 Drivers/STM32F0xx_HAL_Driver/Src/stm32f0xx_hal_cortex.o
 .debug_aranges
                0x0000000000000510       0x58 Drivers/STM32F0xx_HAL_Driver/Src/stm32f0xx_hal_gpio.o
 .debug_aranges
                0x0000000000000568      0x288 Drivers/STM32F0xx_HAL_Driver/Src/stm32f0xx_hal_i2c.o
 .debug_aranges
                0x00000000000007f0       0x48 Drivers/STM32F0xx_HAL_Driver/Src/stm32f0xx_hal_i2c_ex.o
 .debug_aranges
                0x0000000000000838       0x80 Drivers/STM32F0xx_HAL_Driver/Src/stm32f0xx_hal_rcc.o
 .debug_aranges
                0x00000000000008b8       0x78 Drivers/STM32F0xx_HAL_Driver/Src/stm32f0xx_hal_rcc_ex.o
 .debug_aranges
                0x0000000000000930      0x3b8 Drivers/STM32F0xx_HAL_Driver/Src/stm32f0xx_hal_tim.o
 .debug_aranges
                0x0000000000000ce8      0x150 Drivers/STM32F0xx_HAL_Driver/Src/stm32f0xx_hal_tim_ex.o

.debug_ranges   0x0000000000000000      0xd40
 .debug_ranges  0x0000000000000000      0x100 Core/Src/VL53L0X.o
 .debug_ranges  0x0000000000000100       0x40 Core/Src/main.o
 .debug_ranges  0x0000000000000140       0x40 Core/Src/stm32f0xx_hal_msp.o
 .debug_ranges  0x0000000000000180       0x38 Core/Src/stm32f0xx_it.o
 .debug_ranges  0x00000000000001b8       0x18 Core/Src/system_stm32f0xx.o
 .debug_ranges  0x00000000000001d0       0x20 Core/Startup/startup_stm32f042f6px.o
 .debug_ranges  0x00000000000001f0       0xc0 Drivers/STM32F0xx_HAL_Driver/Src/stm32f0xx_hal.o
 .debug_ranges  0x00000000000002b0      0x128 Drivers/STM32F0xx_HAL_Driver/Src/stm32f0xx_hal_can.o
 .debug_ranges  0x00000000000003d8       0xb0 Drivers/STM32F0xx_HAL_Driver/Src/stm32f0xx_hal_cortex.o
 .debug_ranges  0x0000000000000488       0x48 Drivers/STM32F0xx_HAL_Driver/Src/stm32f0xx_hal_gpio.o
 .debug_ranges  0x00000000000004d0      0x278 Drivers/STM32F0xx_HAL_Driver/Src/stm32f0xx_hal_i2c.o
 .debug_ranges  0x0000000000000748       0x38 Drivers/STM32F0xx_HAL_Driver/Src/stm32f0xx_hal_i2c_ex.o
 .debug_ranges  0x0000000000000780       0x70 Drivers/STM32F0xx_HAL_Driver/Src/stm32f0xx_hal_rcc.o
 .debug_ranges  0x00000000000007f0       0x68 Drivers/STM32F0xx_HAL_Driver/Src/stm32f0xx_hal_rcc_ex.o
 .debug_ranges  0x0000000000000858      0x3a8 Drivers/STM32F0xx_HAL_Driver/Src/stm32f0xx_hal_tim.o
 .debug_ranges  0x0000000000000c00      0x140 Drivers/STM32F0xx_HAL_Driver/Src/stm32f0xx_hal_tim_ex.o

.debug_macro    0x0000000000000000    0x14cc9
 .debug_macro   0x0000000000000000      0x1d3 Core/Src/VL53L0X.o
 .debug_macro   0x00000000000001d3      0xa48 Core/Src/VL53L0X.o
 .debug_macro   0x0000000000000c1b       0x22 Core/Src/VL53L0X.o
 .debug_macro   0x0000000000000c3d       0x2e Core/Src/VL53L0X.o
 .debug_macro   0x0000000000000c6b       0x22 Core/Src/VL53L0X.o
 .debug_macro   0x0000000000000c8d       0x22 Core/Src/VL53L0X.o
 .debug_macro   0x0000000000000caf       0x8e Core/Src/VL53L0X.o
 .debug_macro   0x0000000000000d3d       0x51 Core/Src/VL53L0X.o
 .debug_macro   0x0000000000000d8e       0xef Core/Src/VL53L0X.o
 .debug_macro   0x0000000000000e7d       0x6a Core/Src/VL53L0X.o
 .debug_macro   0x0000000000000ee7      0x1df Core/Src/VL53L0X.o
 .debug_macro   0x00000000000010c6       0x1c Core/Src/VL53L0X.o
 .debug_macro   0x00000000000010e2       0x22 Core/Src/VL53L0X.o
 .debug_macro   0x0000000000001104       0xb5 Core/Src/VL53L0X.o
 .debug_macro   0x00000000000011b9      0x391 Core/Src/VL53L0X.o
 .debug_macro   0x000000000000154a     0xf1e6 Core/Src/VL53L0X.o
 .debug_macro   0x0000000000010730       0x3c Core/Src/VL53L0X.o
 .debug_macro   0x000000000001076c      0x133 Core/Src/VL53L0X.o
 .debug_macro   0x000000000001089f      0x174 Core/Src/VL53L0X.o
 .debug_macro   0x0000000000010a13       0x53 Core/Src/VL53L0X.o
 .debug_macro   0x0000000000010a66      0x946 Core/Src/VL53L0X.o
 .debug_macro   0x00000000000113ac      0x46b Core/Src/VL53L0X.o
 .debug_macro   0x0000000000011817      0x12f Core/Src/VL53L0X.o
 .debug_macro   0x0000000000011946      0x130 Core/Src/VL53L0X.o
 .debug_macro   0x0000000000011a76      0x199 Core/Src/VL53L0X.o
 .debug_macro   0x0000000000011c0f      0x1ed Core/Src/VL53L0X.o
 .debug_macro   0x0000000000011dfc       0x34 Core/Src/VL53L0X.o
 .debug_macro   0x0000000000011e30       0x43 Core/Src/VL53L0X.o
 .debug_macro   0x0000000000011e73       0x28 Core/Src/VL53L0X.o
 .debug_macro   0x0000000000011e9b      0x408 Core/Src/VL53L0X.o
 .debug_macro   0x00000000000122a3       0xb0 Core/Src/VL53L0X.o
 .debug_macro   0x0000000000012353      0x182 Core/Src/VL53L0X.o
 .debug_macro   0x00000000000124d5      0x22c Core/Src/VL53L0X.o
 .debug_macro   0x0000000000012701       0x5f Core/Src/VL53L0X.o
 .debug_macro   0x0000000000012760       0xa5 Core/Src/VL53L0X.o
 .debug_macro   0x0000000000012805       0x4c Core/Src/VL53L0X.o
 .debug_macro   0x0000000000012851      0x15b Core/Src/VL53L0X.o
 .debug_macro   0x00000000000129ac      0x8ae Core/Src/VL53L0X.o
 .debug_macro   0x000000000001325a       0x28 Core/Src/VL53L0X.o
 .debug_macro   0x0000000000013282      0x12e Core/Src/VL53L0X.o
 .debug_macro   0x00000000000133b0      0x1d7 Core/Src/main.o
 .debug_macro   0x0000000000013587      0x1b8 Core/Src/stm32f0xx_hal_msp.o
 .debug_macro   0x000000000001373f      0x1c2 Core/Src/stm32f0xx_it.o
 .debug_macro   0x0000000000013901      0x1ae Core/Src/system_stm32f0xx.o
 .debug_macro   0x0000000000013aaf      0x1d2 Drivers/STM32F0xx_HAL_Driver/Src/stm32f0xx_hal.o
 .debug_macro   0x0000000000013c81      0x1b6 Drivers/STM32F0xx_HAL_Driver/Src/stm32f0xx_hal_can.o
 .debug_macro   0x0000000000013e37      0x1ae Drivers/STM32F0xx_HAL_Driver/Src/stm32f0xx_hal_cortex.o
 .debug_macro   0x0000000000013fe5      0x1e6 Drivers/STM32F0xx_HAL_Driver/Src/stm32f0xx_hal_gpio.o
 .debug_macro   0x00000000000141cb      0x273 Drivers/STM32F0xx_HAL_Driver/Src/stm32f0xx_hal_i2c.o
 .debug_macro   0x000000000001443e      0x1ae Drivers/STM32F0xx_HAL_Driver/Src/stm32f0xx_hal_i2c_ex.o
 .debug_macro   0x00000000000145ec      0x1c0 Drivers/STM32F0xx_HAL_Driver/Src/stm32f0xx_hal_rcc.o
 .debug_macro   0x00000000000147ac      0x1c0 Drivers/STM32F0xx_HAL_Driver/Src/stm32f0xx_hal_rcc_ex.o
 .debug_macro   0x000000000001496c      0x1af Drivers/STM32F0xx_HAL_Driver/Src/stm32f0xx_hal_tim.o
 .debug_macro   0x0000000000014b1b      0x1ae Drivers/STM32F0xx_HAL_Driver/Src/stm32f0xx_hal_tim_ex.o

.debug_line     0x0000000000000000     0xa22b
 .debug_line    0x0000000000000000      0xa95 Core/Src/VL53L0X.o
 .debug_line    0x0000000000000a95      0x755 Core/Src/main.o
 .debug_line    0x00000000000011ea      0x6d8 Core/Src/stm32f0xx_hal_msp.o
 .debug_line    0x00000000000018c2      0x6ba Core/Src/stm32f0xx_it.o
 .debug_line    0x0000000000001f7c      0x673 Core/Src/system_stm32f0xx.o
 .debug_line    0x00000000000025ef       0x9b Core/Startup/startup_stm32f042f6px.o
 .debug_line    0x000000000000268a      0x806 Drivers/STM32F0xx_HAL_Driver/Src/stm32f0xx_hal.o
 .debug_line    0x0000000000002e90      0xaed Drivers/STM32F0xx_HAL_Driver/Src/stm32f0xx_hal_can.o
 .debug_line    0x000000000000397d      0x81e Drivers/STM32F0xx_HAL_Driver/Src/stm32f0xx_hal_cortex.o
 .debug_line    0x000000000000419b      0x7b8 Drivers/STM32F0xx_HAL_Driver/Src/stm32f0xx_hal_gpio.o
 .debug_line    0x0000000000004953     0x19d3 Drivers/STM32F0xx_HAL_Driver/Src/stm32f0xx_hal_i2c.o
 .debug_line    0x0000000000006326      0x794 Drivers/STM32F0xx_HAL_Driver/Src/stm32f0xx_hal_i2c_ex.o
 .debug_line    0x0000000000006aba      0x8f3 Drivers/STM32F0xx_HAL_Driver/Src/stm32f0xx_hal_rcc.o
 .debug_line    0x00000000000073ad      0x876 Drivers/STM32F0xx_HAL_Driver/Src/stm32f0xx_hal_rcc_ex.o
 .debug_line    0x0000000000007c23     0x19bb Drivers/STM32F0xx_HAL_Driver/Src/stm32f0xx_hal_tim.o
 .debug_line    0x00000000000095de      0xc4d Drivers/STM32F0xx_HAL_Driver/Src/stm32f0xx_hal_tim_ex.o

.debug_str      0x0000000000000000    0x74ae1
 .debug_str     0x0000000000000000    0x70bd2 Core/Src/VL53L0X.o
                                      0x70e91 (size before relaxing)
 .debug_str     0x0000000000070bd2      0x946 Core/Src/main.o
                                      0x709df (size before relaxing)
 .debug_str     0x0000000000071518      0x20b Core/Src/stm32f0xx_hal_msp.o
                                      0x70689 (size before relaxing)
 .debug_str     0x0000000000071723       0x86 Core/Src/stm32f0xx_it.o
                                      0x70188 (size before relaxing)
 .debug_str     0x00000000000717a9       0x5f Core/Src/system_stm32f0xx.o
                                      0x6faf5 (size before relaxing)
 .debug_str     0x0000000000071808       0x36 Core/Startup/startup_stm32f042f6px.o
                                         0x74 (size before relaxing)
 .debug_str     0x000000000007183e      0x37c Drivers/STM32F0xx_HAL_Driver/Src/stm32f0xx_hal.o
                                      0x7001f (size before relaxing)
 .debug_str     0x0000000000071bba      0x45a Drivers/STM32F0xx_HAL_Driver/Src/stm32f0xx_hal_can.o
                                      0x702e6 (size before relaxing)
 .debug_str     0x0000000000072014      0x1ee Drivers/STM32F0xx_HAL_Driver/Src/stm32f0xx_hal_cortex.o
                                      0x6fed3 (size before relaxing)
 .debug_str     0x0000000000072202      0x1f7 Drivers/STM32F0xx_HAL_Driver/Src/stm32f0xx_hal_gpio.o
                                      0x6fd91 (size before relaxing)
 .debug_str     0x00000000000723f9      0xdec Drivers/STM32F0xx_HAL_Driver/Src/stm32f0xx_hal_i2c.o
                                      0x70d54 (size before relaxing)
 .debug_str     0x00000000000731e5       0xf3 Drivers/STM32F0xx_HAL_Driver/Src/stm32f0xx_hal_i2c_ex.o
                                      0x70093 (size before relaxing)
 .debug_str     0x00000000000732d8      0x249 Drivers/STM32F0xx_HAL_Driver/Src/stm32f0xx_hal_rcc.o
                                      0x6ff0a (size before relaxing)
 .debug_str     0x0000000000073521      0x2c9 Drivers/STM32F0xx_HAL_Driver/Src/stm32f0xx_hal_rcc_ex.o
                                      0x6fed2 (size before relaxing)
 .debug_str     0x00000000000737ea      0xdc8 Drivers/STM32F0xx_HAL_Driver/Src/stm32f0xx_hal_tim.o
                                      0x70cee (size before relaxing)
 .debug_str     0x00000000000745b2      0x52f Drivers/STM32F0xx_HAL_Driver/Src/stm32f0xx_hal_tim_ex.o
                                      0x704a2 (size before relaxing)

.comment        0x0000000000000000       0x7b
 .comment       0x0000000000000000       0x7b Core/Src/VL53L0X.o
                                         0x7c (size before relaxing)
 .comment       0x000000000000007b       0x7c Core/Src/main.o
 .comment       0x000000000000007b       0x7c Core/Src/stm32f0xx_hal_msp.o
 .comment       0x000000000000007b       0x7c Core/Src/stm32f0xx_it.o
 .comment       0x000000000000007b       0x7c Core/Src/system_stm32f0xx.o
 .comment       0x000000000000007b       0x7c Drivers/STM32F0xx_HAL_Driver/Src/stm32f0xx_hal.o
 .comment       0x000000000000007b       0x7c Drivers/STM32F0xx_HAL_Driver/Src/stm32f0xx_hal_can.o
 .comment       0x000000000000007b       0x7c Drivers/STM32F0xx_HAL_Driver/Src/stm32f0xx_hal_cortex.o
 .comment       0x000000000000007b       0x7c Drivers/STM32F0xx_HAL_Driver/Src/stm32f0xx_hal_gpio.o
 .comment       0x000000000000007b       0x7c Drivers/STM32F0xx_HAL_Driver/Src/stm32f0xx_hal_i2c.o
 .comment       0x000000000000007b       0x7c Drivers/STM32F0xx_HAL_Driver/Src/stm32f0xx_hal_i2c_ex.o
 .comment       0x000000000000007b       0x7c Drivers/STM32F0xx_HAL_Driver/Src/stm32f0xx_hal_rcc.o
 .comment       0x000000000000007b       0x7c Drivers/STM32F0xx_HAL_Driver/Src/stm32f0xx_hal_rcc_ex.o
 .comment       0x000000000000007b       0x7c Drivers/STM32F0xx_HAL_Driver/Src/stm32f0xx_hal_tim.o
 .comment       0x000000000000007b       0x7c Drivers/STM32F0xx_HAL_Driver/Src/stm32f0xx_hal_tim_ex.o

.debug_frame    0x0000000000000000     0x35a8
 .debug_frame   0x0000000000000000      0x408 Core/Src/VL53L0X.o
 .debug_frame   0x0000000000000408       0xe0 Core/Src/main.o
 .debug_frame   0x00000000000004e8       0xf0 Core/Src/stm32f0xx_hal_msp.o
 .debug_frame   0x00000000000005d8       0xb8 Core/Src/stm32f0xx_it.o
 .debug_frame   0x0000000000000690       0x4c Core/Src/system_stm32f0xx.o
 .debug_frame   0x00000000000006dc      0x2a4 Drivers/STM32F0xx_HAL_Driver/Src/stm32f0xx_hal.o
 .debug_frame   0x0000000000000980      0x490 Drivers/STM32F0xx_HAL_Driver/Src/stm32f0xx_hal_can.o
 .debug_frame   0x0000000000000e10      0x2a0 Drivers/STM32F0xx_HAL_Driver/Src/stm32f0xx_hal_cortex.o
 .debug_frame   0x00000000000010b0      0x110 Drivers/STM32F0xx_HAL_Driver/Src/stm32f0xx_hal_gpio.o
 .debug_frame   0x00000000000011c0      0xa00 Drivers/STM32F0xx_HAL_Driver/Src/stm32f0xx_hal_i2c.o
 .debug_frame   0x0000000000001bc0       0xd0 Drivers/STM32F0xx_HAL_Driver/Src/stm32f0xx_hal_i2c_ex.o
 .debug_frame   0x0000000000001c90      0x198 Drivers/STM32F0xx_HAL_Driver/Src/stm32f0xx_hal_rcc.o
 .debug_frame   0x0000000000001e28      0x180 Drivers/STM32F0xx_HAL_Driver/Src/stm32f0xx_hal_rcc_ex.o
 .debug_frame   0x0000000000001fa8      0xe90 Drivers/STM32F0xx_HAL_Driver/Src/stm32f0xx_hal_tim.o
 .debug_frame   0x0000000000002e38      0x4f0 Drivers/STM32F0xx_HAL_Driver/Src/stm32f0xx_hal_tim_ex.o
 .debug_frame   0x0000000000003328       0x2c /home/igor/stm32cubeide/plugins/com.st.stm32cube.ide.mcu.externaltools.gnu-tools-for-stm32.7-2018-q2-update.linux64_1.0.0.201904181610/tools/bin/../lib/gcc/arm-none-eabi/7.3.1/../../../../arm-none-eabi/lib/thumb/v6-m/libc_nano.a(lib_a-init.o)
 .debug_frame   0x0000000000003354       0x20 /home/igor/stm32cubeide/plugins/com.st.stm32cube.ide.mcu.externaltools.gnu-tools-for-stm32.7-2018-q2-update.linux64_1.0.0.201904181610/tools/bin/../lib/gcc/arm-none-eabi/7.3.1/../../../../arm-none-eabi/lib/thumb/v6-m/libc_nano.a(lib_a-memset.o)
 .debug_frame   0x0000000000003374       0x20 /home/igor/stm32cubeide/plugins/com.st.stm32cube.ide.mcu.externaltools.gnu-tools-for-stm32.7-2018-q2-update.linux64_1.0.0.201904181610/tools/bin/../lib/gcc/arm-none-eabi/7.3.1/thumb/v6-m/libgcc.a(_udivsi3.o)
 .debug_frame   0x0000000000003394       0x28 /home/igor/stm32cubeide/plugins/com.st.stm32cube.ide.mcu.externaltools.gnu-tools-for-stm32.7-2018-q2-update.linux64_1.0.0.201904181610/tools/bin/../lib/gcc/arm-none-eabi/7.3.1/thumb/v6-m/libgcc.a(_fixunssfsi.o)
 .debug_frame   0x00000000000033bc       0x2c /home/igor/stm32cubeide/plugins/com.st.stm32cube.ide.mcu.externaltools.gnu-tools-for-stm32.7-2018-q2-update.linux64_1.0.0.201904181610/tools/bin/../lib/gcc/arm-none-eabi/7.3.1/thumb/v6-m/libgcc.a(eqsf2.o)
 .debug_frame   0x00000000000033e8       0x2c /home/igor/stm32cubeide/plugins/com.st.stm32cube.ide.mcu.externaltools.gnu-tools-for-stm32.7-2018-q2-update.linux64_1.0.0.201904181610/tools/bin/../lib/gcc/arm-none-eabi/7.3.1/thumb/v6-m/libgcc.a(gesf2.o)
 .debug_frame   0x0000000000003414       0x2c /home/igor/stm32cubeide/plugins/com.st.stm32cube.ide.mcu.externaltools.gnu-tools-for-stm32.7-2018-q2-update.linux64_1.0.0.201904181610/tools/bin/../lib/gcc/arm-none-eabi/7.3.1/thumb/v6-m/libgcc.a(lesf2.o)
 .debug_frame   0x0000000000003440       0x3c /home/igor/stm32cubeide/plugins/com.st.stm32cube.ide.mcu.externaltools.gnu-tools-for-stm32.7-2018-q2-update.linux64_1.0.0.201904181610/tools/bin/../lib/gcc/arm-none-eabi/7.3.1/thumb/v6-m/libgcc.a(mulsf3.o)
 .debug_frame   0x000000000000347c       0x38 /home/igor/stm32cubeide/plugins/com.st.stm32cube.ide.mcu.externaltools.gnu-tools-for-stm32.7-2018-q2-update.linux64_1.0.0.201904181610/tools/bin/../lib/gcc/arm-none-eabi/7.3.1/thumb/v6-m/libgcc.a(subsf3.o)
 .debug_frame   0x00000000000034b4       0x20 /home/igor/stm32cubeide/plugins/com.st.stm32cube.ide.mcu.externaltools.gnu-tools-for-stm32.7-2018-q2-update.linux64_1.0.0.201904181610/tools/bin/../lib/gcc/arm-none-eabi/7.3.1/thumb/v6-m/libgcc.a(fixsfsi.o)
 .debug_frame   0x00000000000034d4       0x38 /home/igor/stm32cubeide/plugins/com.st.stm32cube.ide.mcu.externaltools.gnu-tools-for-stm32.7-2018-q2-update.linux64_1.0.0.201904181610/tools/bin/../lib/gcc/arm-none-eabi/7.3.1/thumb/v6-m/libgcc.a(eqdf2.o)
 .debug_frame   0x000000000000350c       0x38 /home/igor/stm32cubeide/plugins/com.st.stm32cube.ide.mcu.externaltools.gnu-tools-for-stm32.7-2018-q2-update.linux64_1.0.0.201904181610/tools/bin/../lib/gcc/arm-none-eabi/7.3.1/thumb/v6-m/libgcc.a(gedf2.o)
 .debug_frame   0x0000000000003544       0x38 /home/igor/stm32cubeide/plugins/com.st.stm32cube.ide.mcu.externaltools.gnu-tools-for-stm32.7-2018-q2-update.linux64_1.0.0.201904181610/tools/bin/../lib/gcc/arm-none-eabi/7.3.1/thumb/v6-m/libgcc.a(ledf2.o)
 .debug_frame   0x000000000000357c       0x2c /home/igor/stm32cubeide/plugins/com.st.stm32cube.ide.mcu.externaltools.gnu-tools-for-stm32.7-2018-q2-update.linux64_1.0.0.201904181610/tools/bin/../lib/gcc/arm-none-eabi/7.3.1/thumb/v6-m/libgcc.a(extendsfdf2.o)
