VL53L0X.c:270:6:VL53L0X_writeReg	24	static
VL53L0X.c:35:6:VL53L0X_setAddress	16	static
VL53L0X.c:283:6:VL53L0X_writeReg16Bit	24	static
VL53L0X.c:297:6:VL53L0X_writeReg32Bit	24	static
VL53L0X.c:313:9:VL53L0X_readReg	40	static
VL53L0X.c:366:6:VL53L0X_writeMulti	48	static
VL53L0X.c:382:6:VL53L0X_readMulti	32	static
VL53L0X.c:327:10:VL53L0X_readReg16Bit	16	static
VL53L0X.c:344:10:VL53L0X_readReg32Bit	16	static
VL53L0X.c:399:6:VL53L0X_setSignalRateLimit	16	static
VL53L0X.c:409:7:VL53L0X_getSignalRateLimit	8	static
VL53L0X.c:732:9:VL53L0X_getVcselPulsePeriod	8	static
VL53L0X.c:751:6:VL53L0X_startContinuous	16	static
VL53L0X.c:789:6:VL53L0X_stopContinuous	8	static
VL53L0X.c:855:6:VL53L0X_timeoutOccurred	0	static
VL53L0X.c:907:6:VL53L0X_getSequenceStepEnables	8	static
VL53L0X.c:948:10:VL53L0X_decodeTimeout	0	static
VL53L0X.c:959:10:VL53L0X_encodeTimeout	0	static
VL53L0X.c:983:10:VL53L0X_timeoutMclksToMicroseconds	16	static
VL53L0X.c:922:6:VL53L0X_getSequenceStepTimeouts	16	static
VL53L0X.c:507:10:VL53L0X_getMeasurementTimingBudget	48	static
VL53L0X.c:992:10:VL53L0X_timeoutMicrosecondsToMclks	16	static
VL53L0X.c:421:6:VL53L0X_setMeasurementTimingBudget	64	static
VL53L0X.c:1019:6:VL53L0X_startTimeout	0	static
VL53L0X.c:1023:6:VL53L0X_checkTimeoutExpired	0	static
VL53L0X.c:803:10:VL53L0X_readRangeContinuousMillimeters	16	static
VL53L0X.c:827:10:VL53L0X_readRangeSingleMillimeters	16	static
VL53L0X.c:865:6:VL53L0X_getSpadInfo	24	static
VL53L0X.c:1001:6:VL53L0X_performSingleRefCalibration	16	static
VL53L0X.c:49:6:VL53L0X_init	48	static
VL53L0X.c:561:6:VL53L0X_setVcselPulsePeriod	64	static
